---
source: src/bin/mdbook-diataxis/install.rs
expression: diataxis_css_content
---
.diataxis-card-header {
    font-weight: bold;
    margin-top: 0ex;
    margin-bottom: 0ex;
}

.quote-grid {
    display: grid;
    gap: 3.55ex;
    grid-template-columns: repeat(auto-fit, minmax(330px, 1fr));
    margin: 3.55ex 0;
}

.quote-grid > blockquote {
    margin: 0;
}
