---
source: src/lib.rs
expression: chapter.content
---
# Chapter 1

- [Non-draft sub-chapter](dir/non_draft_sub.md)
- Draft sub-chapter
